// Jest Snapshot v1, https://goo.gl/fbAQLP

exports[`basic should keep its stdout and stderr stable 1`] = `
"@x/p1
 | $ sleep $1; echo @x/p1 $1 >> '/tmp/wsrun-test-1/echo.out' 0 Hello
@x/p2
 | $ sleep $1; echo @x/p2 $1 >> '/tmp/wsrun-test-1/echo.out' 0 Hello
"
`;

exports[`basic should keep its stdout and stderr stable 2`] = `
" | sleep: missing operand
 | Try 'sleep --help' for more information.
 | sleep: missing operand
 | Try 'sleep --help' for more information.
"
`;
